  🚀🚀🚀🚀🚀🚀🚀🚀🚀🚀🚀🚀🚀🚀🚀🚀🚀🚀🚀🚀🚀🚀🚀🚀🚀🚀🚀🚀🚀🚀🚀🚀🚀🚀🚀🚀🚀🚀🚀🚀
  🚀                                [1;34mMANDATORY[m                                   🚀
  🚀🚀🚀🚀🚀🚀🚀🚀🚀🚀🚀🚀🚀🚀🚀🚀🚀🚀🚀🚀🚀🚀🚀🚀🚀🚀🚀🚀🚀🚀🚀🚀🚀🚀🚀🚀🚀🚀🚀🚀
[1;33m  # **************************************************************************** #[m
[1;33m  #                                   BUILTINS                                   #[m
[1;33m  # **************************************************************************** #[m
[1;35m  1:	[m[1;34mSTD_OUT:[m ❌  [1;33mSTD_ERR:[m ✅  [1;36mEXIT_CODE:[m ✅  [0;90m/home/nabil/42_minishell_tester/cmds/mand/1_builtins.sh:7[m  
[1;35m  2:	[m[1;34mSTD_OUT:[m ✅  [1;33mSTD_ERR:[m ✅  [1;36mEXIT_CODE:[m ✅  [0;90m/home/nabil/42_minishell_tester/cmds/mand/1_builtins.sh:9[m  
[1;35m  3:	[m[1;34mSTD_OUT:[m ✅  [1;33mSTD_ERR:[m ✅  [1;36mEXIT_CODE:[m ✅  [0;90m/home/nabil/42_minishell_tester/cmds/mand/1_builtins.sh:11[m  
[1;35m  4:	[m[1;34mSTD_OUT:[m ✅  [1;33mSTD_ERR:[m ✅  [1;36mEXIT_CODE:[m ✅  [0;90m/home/nabil/42_minishell_tester/cmds/mand/1_builtins.sh:13[m  
[1;35m  5:	[m[1;34mSTD_OUT:[m ✅  [1;33mSTD_ERR:[m ✅  [1;36mEXIT_CODE:[m ✅  [0;90m/home/nabil/42_minishell_tester/cmds/mand/1_builtins.sh:15[m  
[1;35m  6:	[m[1;34mSTD_OUT:[m ✅  [1;33mSTD_ERR:[m ✅  [1;36mEXIT_CODE:[m ✅  [0;90m/home/nabil/42_minishell_tester/cmds/mand/1_builtins.sh:17[m  
[1;35m  7:	[m[1;34mSTD_OUT:[m ✅  [1;33mSTD_ERR:[m ✅  [1;36mEXIT_CODE:[m ✅  [0;90m/home/nabil/42_minishell_tester/cmds/mand/1_builtins.sh:19[m  
[1;35m  8:	[m[1;34mSTD_OUT:[m ✅  [1;33mSTD_ERR:[m ✅  [1;36mEXIT_CODE:[m ✅  [0;90m/home/nabil/42_minishell_tester/cmds/mand/1_builtins.sh:21[m  
[1;35m  9:	[m[1;34mSTD_OUT:[m ✅  [1;33mSTD_ERR:[m ✅  [1;36mEXIT_CODE:[m ✅  [0;90m/home/nabil/42_minishell_tester/cmds/mand/1_builtins.sh:23[m  
[1;35m  10:	[m[1;34mSTD_OUT:[m ✅  [1;33mSTD_ERR:[m ✅  [1;36mEXIT_CODE:[m ✅  [0;90m/home/nabil/42_minishell_tester/cmds/mand/1_builtins.sh:25[m  
[1;35m  11:	[m[1;34mSTD_OUT:[m ✅  [1;33mSTD_ERR:[m ✅  [1;36mEXIT_CODE:[m ✅  [0;90m/home/nabil/42_minishell_tester/cmds/mand/1_builtins.sh:27[m  
[1;35m  12:	[m[1;34mSTD_OUT:[m ✅  [1;33mSTD_ERR:[m ✅  [1;36mEXIT_CODE:[m ✅  [0;90m/home/nabil/42_minishell_tester/cmds/mand/1_builtins.sh:29[m  
[1;35m  13:	[m[1;34mSTD_OUT:[m ❌  [1;33mSTD_ERR:[m ✅  [1;36mEXIT_CODE:[m ✅  [0;90m/home/nabil/42_minishell_tester/cmds/mand/1_builtins.sh:31[m  
[1;35m  14:	[m[1;34mSTD_OUT:[m ❌  [1;33mSTD_ERR:[m ✅  [1;36mEXIT_CODE:[m ✅  [0;90m/home/nabil/42_minishell_tester/cmds/mand/1_builtins.sh:33[m  
[1;35m  15:	[m[1;34mSTD_OUT:[m ✅  [1;33mSTD_ERR:[m ✅  [1;36mEXIT_CODE:[m ✅  [0;90m/home/nabil/42_minishell_tester/cmds/mand/1_builtins.sh:35[m  
[1;35m  16:	[m[1;34mSTD_OUT:[m ❌  [1;33mSTD_ERR:[m ✅  [1;36mEXIT_CODE:[m ✅  [0;90m/home/nabil/42_minishell_tester/cmds/mand/1_builtins.sh:37[m  
[1;35m  17:	[m[1;34mSTD_OUT:[m ❌  [1;33mSTD_ERR:[m ✅  [1;36mEXIT_CODE:[m ✅  [0;90m/home/nabil/42_minishell_tester/cmds/mand/1_builtins.sh:39[m  
[1;35m  18:	[m[1;34mSTD_OUT:[m ✅  [1;33mSTD_ERR:[m ✅  [1;36mEXIT_CODE:[m ✅  [0;90m/home/nabil/42_minishell_tester/cmds/mand/1_builtins.sh:41[m  
[1;35m  19:	[m[1;34mSTD_OUT:[m ✅  [1;33mSTD_ERR:[m ✅  [1;36mEXIT_CODE:[m ✅  [0;90m/home/nabil/42_minishell_tester/cmds/mand/1_builtins.sh:43[m  
[1;35m  20:	[m[1;34mSTD_OUT:[m ✅  [1;33mSTD_ERR:[m ✅  [1;36mEXIT_CODE:[m ✅  [0;90m/home/nabil/42_minishell_tester/cmds/mand/1_builtins.sh:45[m  
[1;35m  21:	[m[1;34mSTD_OUT:[m ✅  [1;33mSTD_ERR:[m ✅  [1;36mEXIT_CODE:[m ✅  [0;90m/home/nabil/42_minishell_tester/cmds/mand/1_builtins.sh:47[m  
[1;35m  22:	[m[1;34mSTD_OUT:[m ✅  [1;33mSTD_ERR:[m ✅  [1;36mEXIT_CODE:[m ✅  [0;90m/home/nabil/42_minishell_tester/cmds/mand/1_builtins.sh:49[m  
[1;35m  23:	[m[1;34mSTD_OUT:[m ✅  [1;33mSTD_ERR:[m ✅  [1;36mEXIT_CODE:[m ✅  [0;90m/home/nabil/42_minishell_tester/cmds/mand/1_builtins.sh:51[m  
[1;35m  24:	[m[1;34mSTD_OUT:[m ✅  [1;33mSTD_ERR:[m ✅  [1;36mEXIT_CODE:[m ✅  [0;90m/home/nabil/42_minishell_tester/cmds/mand/1_builtins.sh:53[m  
[1;35m  25:	[m[1;34mSTD_OUT:[m ✅  [1;33mSTD_ERR:[m ✅  [1;36mEXIT_CODE:[m ✅  [0;90m/home/nabil/42_minishell_tester/cmds/mand/1_builtins.sh:55[m  
[1;35m  26:	[m[1;34mSTD_OUT:[m ✅  [1;33mSTD_ERR:[m ✅  [1;36mEXIT_CODE:[m ✅  [0;90m/home/nabil/42_minishell_tester/cmds/mand/1_builtins.sh:57[m  
[1;35m  27:	[m[1;34mSTD_OUT:[m ✅  [1;33mSTD_ERR:[m ✅  [1;36mEXIT_CODE:[m ✅  [0;90m/home/nabil/42_minishell_tester/cmds/mand/1_builtins.sh:73[m  
[1;35m  28:	[m[1;34mSTD_OUT:[m ✅  [1;33mSTD_ERR:[m ✅  [1;36mEXIT_CODE:[m ✅  [0;90m/home/nabil/42_minishell_tester/cmds/mand/1_builtins.sh:75[m  
[1;35m  29:	[m[1;34mSTD_OUT:[m ✅  [1;33mSTD_ERR:[m ✅  [1;36mEXIT_CODE:[m ✅  [0;90m/home/nabil/42_minishell_tester/cmds/mand/1_builtins.sh:77[m  
[1;35m  30:	[m[1;34mSTD_OUT:[m ✅  [1;33mSTD_ERR:[m ✅  [1;36mEXIT_CODE:[m ✅  [0;90m/home/nabil/42_minishell_tester/cmds/mand/1_builtins.sh:79[m  
[1;35m  31:	[m[1;34mSTD_OUT:[m ✅  [1;33mSTD_ERR:[m ✅  [1;36mEXIT_CODE:[m ✅  [0;90m/home/nabil/42_minishell_tester/cmds/mand/1_builtins.sh:81[m  
[1;35m  32:	[m[1;34mSTD_OUT:[m ✅  [1;33mSTD_ERR:[m ✅  [1;36mEXIT_CODE:[m ✅  [0;90m/home/nabil/42_minishell_tester/cmds/mand/1_builtins.sh:83[m  
[1;35m  33:	[m[1;34mSTD_OUT:[m ✅  [1;33mSTD_ERR:[m ✅  [1;36mEXIT_CODE:[m ✅  [0;90m/home/nabil/42_minishell_tester/cmds/mand/1_builtins.sh:85[m  
[1;35m  34:	[m[1;34mSTD_OUT:[m ✅  [1;33mSTD_ERR:[m ✅  [1;36mEXIT_CODE:[m ✅  [0;90m/home/nabil/42_minishell_tester/cmds/mand/1_builtins.sh:87[m  
[1;35m  35:	[m[1;34mSTD_OUT:[m ✅  [1;33mSTD_ERR:[m ✅  [1;36mEXIT_CODE:[m ✅  [0;90m/home/nabil/42_minishell_tester/cmds/mand/1_builtins.sh:89[m  
[1;35m  36:	[m[1;34mSTD_OUT:[m ✅  [1;33mSTD_ERR:[m ✅  [1;36mEXIT_CODE:[m ✅  [0;90m/home/nabil/42_minishell_tester/cmds/mand/1_builtins.sh:91[m  
[1;35m  37:	[m[1;34mSTD_OUT:[m ✅  [1;33mSTD_ERR:[m ✅  [1;36mEXIT_CODE:[m ✅  [0;90m/home/nabil/42_minishell_tester/cmds/mand/1_builtins.sh:93[m  
[1;35m  38:	[m[1;34mSTD_OUT:[m ✅  [1;33mSTD_ERR:[m ✅  [1;36mEXIT_CODE:[m ✅  [0;90m/home/nabil/42_minishell_tester/cmds/mand/1_builtins.sh:95[m  
[1;35m  39:	[m[1;34mSTD_OUT:[m ✅  [1;33mSTD_ERR:[m ✅  [1;36mEXIT_CODE:[m ✅  [0;90m/home/nabil/42_minishell_tester/cmds/mand/1_builtins.sh:97[m  
[1;35m  40:	[m[1;34mSTD_OUT:[m ✅  [1;33mSTD_ERR:[m ✅  [1;36mEXIT_CODE:[m ✅  [0;90m/home/nabil/42_minishell_tester/cmds/mand/1_builtins.sh:99[m  
[1;35m  41:	[m[1;34mSTD_OUT:[m ✅  [1;33mSTD_ERR:[m ✅  [1;36mEXIT_CODE:[m ✅  [0;90m/home/nabil/42_minishell_tester/cmds/mand/1_builtins.sh:101[m  
[1;35m  42:	[m[1;34mSTD_OUT:[m ✅  [1;33mSTD_ERR:[m ✅  [1;36mEXIT_CODE:[m ✅  [0;90m/home/nabil/42_minishell_tester/cmds/mand/1_builtins.sh:103[m  
[1;35m  43:	[m[1;34mSTD_OUT:[m ✅  [1;33mSTD_ERR:[m ✅  [1;36mEXIT_CODE:[m ✅  [0;90m/home/nabil/42_minishell_tester/cmds/mand/1_builtins.sh:105[m  
[1;35m  44:	[m[1;34mSTD_OUT:[m ✅  [1;33mSTD_ERR:[m ✅  [1;36mEXIT_CODE:[m ✅  [0;90m/home/nabil/42_minishell_tester/cmds/mand/1_builtins.sh:107[m  
[1;35m  45:	[m[1;34mSTD_OUT:[m ✅  [1;33mSTD_ERR:[m ✅  [1;36mEXIT_CODE:[m ✅  [0;90m/home/nabil/42_minishell_tester/cmds/mand/1_builtins.sh:109[m  
[1;35m  46:	[m[1;34mSTD_OUT:[m ✅  [1;33mSTD_ERR:[m ✅  [1;36mEXIT_CODE:[m ✅  [0;90m/home/nabil/42_minishell_tester/cmds/mand/1_builtins.sh:111[m  
[1;35m  47:	[m[1;34mSTD_OUT:[m ✅  [1;33mSTD_ERR:[m ✅  [1;36mEXIT_CODE:[m ✅  [0;90m/home/nabil/42_minishell_tester/cmds/mand/1_builtins.sh:113[m  
[1;35m  48:	[m[1;34mSTD_OUT:[m ✅  [1;33mSTD_ERR:[m ✅  [1;36mEXIT_CODE:[m ✅  [0;90m/home/nabil/42_minishell_tester/cmds/mand/1_builtins.sh:115[m  
[1;35m  49:	[m[1;34mSTD_OUT:[m ✅  [1;33mSTD_ERR:[m ✅  [1;36mEXIT_CODE:[m ✅  [0;90m/home/nabil/42_minishell_tester/cmds/mand/1_builtins.sh:117[m  
[1;35m  50:	[m[1;34mSTD_OUT:[m ✅  [1;33mSTD_ERR:[m ✅  [1;36mEXIT_CODE:[m ✅  [0;90m/home/nabil/42_minishell_tester/cmds/mand/1_builtins.sh:119[m  
[1;35m  51:	[m[1;34mSTD_OUT:[m ✅  [1;33mSTD_ERR:[m ✅  [1;36mEXIT_CODE:[m ✅  [0;90m/home/nabil/42_minishell_tester/cmds/mand/1_builtins.sh:121[m  
[1;35m  52:	[m[1;34mSTD_OUT:[m ✅  [1;33mSTD_ERR:[m ✅  [1;36mEXIT_CODE:[m ✅  [0;90m/home/nabil/42_minishell_tester/cmds/mand/1_builtins.sh:123[m  
[1;35m  53:	[m[1;34mSTD_OUT:[m ✅  [1;33mSTD_ERR:[m ✅  [1;36mEXIT_CODE:[m ✅  [0;90m/home/nabil/42_minishell_tester/cmds/mand/1_builtins.sh:125[m  
[1;35m  54:	[m[1;34mSTD_OUT:[m ✅  [1;33mSTD_ERR:[m ✅  [1;36mEXIT_CODE:[m ✅  [0;90m/home/nabil/42_minishell_tester/cmds/mand/1_builtins.sh:127[m  
[1;35m  55:	[m[1;34mSTD_OUT:[m ✅  [1;33mSTD_ERR:[m ✅  [1;36mEXIT_CODE:[m ✅  [0;90m/home/nabil/42_minishell_tester/cmds/mand/1_builtins.sh:129[m  
[1;35m  56:	[m[1;34mSTD_OUT:[m ✅  [1;33mSTD_ERR:[m ✅  [1;36mEXIT_CODE:[m ✅  [0;90m/home/nabil/42_minishell_tester/cmds/mand/1_builtins.sh:131[m  
[1;35m  57:	[m[1;34mSTD_OUT:[m ✅  [1;33mSTD_ERR:[m ✅  [1;36mEXIT_CODE:[m ✅  [0;90m/home/nabil/42_minishell_tester/cmds/mand/1_builtins.sh:134[m  
[1;35m  58:	[m[1;34mSTD_OUT:[m ✅  [1;33mSTD_ERR:[m ✅  [1;36mEXIT_CODE:[m ✅  [0;90m/home/nabil/42_minishell_tester/cmds/mand/1_builtins.sh:136[m  
[1;35m  59:	[m[1;34mSTD_OUT:[m ✅  [1;33mSTD_ERR:[m ✅  [1;36mEXIT_CODE:[m ✅  [0;90m/home/nabil/42_minishell_tester/cmds/mand/1_builtins.sh:138[m  
[1;35m  60:	[m[1;34mSTD_OUT:[m ✅  [1;33mSTD_ERR:[m ✅  [1;36mEXIT_CODE:[m ✅  [0;90m/home/nabil/42_minishell_tester/cmds/mand/1_builtins.sh:140[m  
[1;35m  61:	[m[1;34mSTD_OUT:[m ✅  [1;33mSTD_ERR:[m ✅  [1;36mEXIT_CODE:[m ✅  [0;90m/home/nabil/42_minishell_tester/cmds/mand/1_builtins.sh:142[m  
[1;35m  62:	[m[1;34mSTD_OUT:[m ✅  [1;33mSTD_ERR:[m ✅  [1;36mEXIT_CODE:[m ✅  [0;90m/home/nabil/42_minishell_tester/cmds/mand/1_builtins.sh:144[m  
[1;35m  63:	[m[1;34mSTD_OUT:[m ✅  [1;33mSTD_ERR:[m ✅  [1;36mEXIT_CODE:[m ✅  [0;90m/home/nabil/42_minishell_tester/cmds/mand/1_builtins.sh:146[m  
[1;35m  64:	[m[1;34mSTD_OUT:[m ✅  [1;33mSTD_ERR:[m ✅  [1;36mEXIT_CODE:[m ✅  [0;90m/home/nabil/42_minishell_tester/cmds/mand/1_builtins.sh:148[m  
[1;35m  65:	[m[1;34mSTD_OUT:[m ✅  [1;33mSTD_ERR:[m ✅  [1;36mEXIT_CODE:[m ✅  [0;90m/home/nabil/42_minishell_tester/cmds/mand/1_builtins.sh:150[m  
[1;35m  66:	[m[1;34mSTD_OUT:[m ✅  [1;33mSTD_ERR:[m ✅  [1;36mEXIT_CODE:[m ✅  [0;90m/home/nabil/42_minishell_tester/cmds/mand/1_builtins.sh:152[m  
[1;35m  67:	[m[1;34mSTD_OUT:[m ✅  [1;33mSTD_ERR:[m ✅  [1;36mEXIT_CODE:[m ✅  [0;90m/home/nabil/42_minishell_tester/cmds/mand/1_builtins.sh:155[m  
[1;35m  68:	[m[1;34mSTD_OUT:[m ✅  [1;33mSTD_ERR:[m ✅  [1;36mEXIT_CODE:[m ✅  [0;90m/home/nabil/42_minishell_tester/cmds/mand/1_builtins.sh:157[m  
[1;35m  69:	[m[1;34mSTD_OUT:[m ✅  [1;33mSTD_ERR:[m ✅  [1;36mEXIT_CODE:[m ✅  [0;90m/home/nabil/42_minishell_tester/cmds/mand/1_builtins.sh:159[m  
[1;35m  70:	[m[1;34mSTD_OUT:[m ✅  [1;33mSTD_ERR:[m ✅  [1;36mEXIT_CODE:[m ✅  [0;90m/home/nabil/42_minishell_tester/cmds/mand/1_builtins.sh:161[m  
[1;35m  71:	[m[1;34mSTD_OUT:[m ✅  [1;33mSTD_ERR:[m ✅  [1;36mEXIT_CODE:[m ✅  [0;90m/home/nabil/42_minishell_tester/cmds/mand/1_builtins.sh:163[m  
[1;35m  72:	[m[1;34mSTD_OUT:[m ✅  [1;33mSTD_ERR:[m ✅  [1;36mEXIT_CODE:[m ✅  [0;90m/home/nabil/42_minishell_tester/cmds/mand/1_builtins.sh:165[m  
[1;35m  73:	[m[1;34mSTD_OUT:[m ✅  [1;33mSTD_ERR:[m ✅  [1;36mEXIT_CODE:[m ✅  [0;90m/home/nabil/42_minishell_tester/cmds/mand/1_builtins.sh:167[m  
[1;35m  74:	[m[1;34mSTD_OUT:[m ✅  [1;33mSTD_ERR:[m ✅  [1;36mEXIT_CODE:[m ✅  [0;90m/home/nabil/42_minishell_tester/cmds/mand/1_builtins.sh:169[m  
[1;35m  75:	[m[1;34mSTD_OUT:[m ✅  [1;33mSTD_ERR:[m ✅  [1;36mEXIT_CODE:[m ✅  [0;90m/home/nabil/42_minishell_tester/cmds/mand/1_builtins.sh:171[m  
[1;35m  76:	[m[1;34mSTD_OUT:[m ✅  [1;33mSTD_ERR:[m ✅  [1;36mEXIT_CODE:[m ✅  [0;90m/home/nabil/42_minishell_tester/cmds/mand/1_builtins.sh:173[m  
[1;35m  77:	[m[1;34mSTD_OUT:[m ✅  [1;33mSTD_ERR:[m ✅  [1;36mEXIT_CODE:[m ✅  [0;90m/home/nabil/42_minishell_tester/cmds/mand/1_builtins.sh:175[m  
[1;35m  78:	[m[1;34mSTD_OUT:[m ✅  [1;33mSTD_ERR:[m ✅  [1;36mEXIT_CODE:[m ✅  [0;90m/home/nabil/42_minishell_tester/cmds/mand/1_builtins.sh:177[m  
[1;35m  79:	[m[1;34mSTD_OUT:[m ✅  [1;33mSTD_ERR:[m ✅  [1;36mEXIT_CODE:[m ✅  [0;90m/home/nabil/42_minishell_tester/cmds/mand/1_builtins.sh:179[m  
[1;35m  80:	[m[1;34mSTD_OUT:[m ✅  [1;33mSTD_ERR:[m ✅  [1;36mEXIT_CODE:[m ✅  [0;90m/home/nabil/42_minishell_tester/cmds/mand/1_builtins.sh:181[m  
[1;35m  81:	[m[1;34mSTD_OUT:[m ✅  [1;33mSTD_ERR:[m ✅  [1;36mEXIT_CODE:[m ✅  [0;90m/home/nabil/42_minishell_tester/cmds/mand/1_builtins.sh:183[m  
[1;35m  82:	[m[1;34mSTD_OUT:[m ✅  [1;33mSTD_ERR:[m ✅  [1;36mEXIT_CODE:[m ✅  [0;90m/home/nabil/42_minishell_tester/cmds/mand/1_builtins.sh:185[m  
[1;35m  83:	[m[1;34mSTD_OUT:[m ✅  [1;33mSTD_ERR:[m ✅  [1;36mEXIT_CODE:[m ✅  [0;90m/home/nabil/42_minishell_tester/cmds/mand/1_builtins.sh:187[m  
[1;35m  84:	[m[1;34mSTD_OUT:[m ✅  [1;33mSTD_ERR:[m ✅  [1;36mEXIT_CODE:[m ✅  [0;90m/home/nabil/42_minishell_tester/cmds/mand/1_builtins.sh:190[m  
[1;35m  85:	[m[1;34mSTD_OUT:[m ✅  [1;33mSTD_ERR:[m ✅  [1;36mEXIT_CODE:[m ✅  [0;90m/home/nabil/42_minishell_tester/cmds/mand/1_builtins.sh:194[m  
[1;35m  86:	[m[1;34mSTD_OUT:[m ✅  [1;33mSTD_ERR:[m ✅  [1;36mEXIT_CODE:[m ✅  [0;90m/home/nabil/42_minishell_tester/cmds/mand/1_builtins.sh:198[m  
[1;35m  87:	[m[1;34mSTD_OUT:[m ✅  [1;33mSTD_ERR:[m ✅  [1;36mEXIT_CODE:[m ✅  [0;90m/home/nabil/42_minishell_tester/cmds/mand/1_builtins.sh:201[m  
[1;35m  88:	[m[1;34mSTD_OUT:[m ✅  [1;33mSTD_ERR:[m ✅  [1;36mEXIT_CODE:[m ✅  [0;90m/home/nabil/42_minishell_tester/cmds/mand/1_builtins.sh:205[m  
[1;35m  89:	[m[1;34mSTD_OUT:[m ✅  [1;33mSTD_ERR:[m ✅  [1;36mEXIT_CODE:[m ✅  [0;90m/home/nabil/42_minishell_tester/cmds/mand/1_builtins.sh:209[m  
[1;35m  90:	[m[1;34mSTD_OUT:[m ✅  [1;33mSTD_ERR:[m ✅  [1;36mEXIT_CODE:[m ✅  [0;90m/home/nabil/42_minishell_tester/cmds/mand/1_builtins.sh:213[m  
[1;35m  91:	[m[1;34mSTD_OUT:[m ✅  [1;33mSTD_ERR:[m ✅  [1;36mEXIT_CODE:[m ✅  [0;90m/home/nabil/42_minishell_tester/cmds/mand/1_builtins.sh:217[m  
[1;35m  92:	[m[1;34mSTD_OUT:[m ✅  [1;33mSTD_ERR:[m ✅  [1;36mEXIT_CODE:[m ✅  [0;90m/home/nabil/42_minishell_tester/cmds/mand/1_builtins.sh:221[m  
[1;35m  93:	[m[1;34mSTD_OUT:[m ✅  [1;33mSTD_ERR:[m ✅  [1;36mEXIT_CODE:[m ✅  [0;90m/home/nabil/42_minishell_tester/cmds/mand/1_builtins.sh:225[m  
[1;35m  94:	[m[1;34mSTD_OUT:[m ✅  [1;33mSTD_ERR:[m ✅  [1;36mEXIT_CODE:[m ✅  [0;90m/home/nabil/42_minishell_tester/cmds/mand/1_builtins.sh:229[m  
[1;35m  95:	[m[1;34mSTD_OUT:[m ✅  [1;33mSTD_ERR:[m ❌  [1;36mEXIT_CODE:[m ❌[1;31m [ minishell(1)  bash(0) ][m  [0;90m/home/nabil/42_minishell_tester/cmds/mand/1_builtins.sh:233[m  
[1;35m  96:	[m[1;34mSTD_OUT:[m ✅  [1;33mSTD_ERR:[m ✅  [1;36mEXIT_CODE:[m ✅  [0;90m/home/nabil/42_minishell_tester/cmds/mand/1_builtins.sh:235[m  
[1;35m  97:	[m[1;34mSTD_OUT:[m ✅  [1;33mSTD_ERR:[m ✅  [1;36mEXIT_CODE:[m ✅  [0;90m/home/nabil/42_minishell_tester/cmds/mand/1_builtins.sh:237[m  
[1;35m  98:	[m[1;34mSTD_OUT:[m ✅  [1;33mSTD_ERR:[m ❌  [1;36mEXIT_CODE:[m ✅  [0;90m/home/nabil/42_minishell_tester/cmds/mand/1_builtins.sh:239[m  
[1;35m  99:	[m[1;34mSTD_OUT:[m ✅  [1;33mSTD_ERR:[m ✅  [1;36mEXIT_CODE:[m ✅  [0;90m/home/nabil/42_minishell_tester/cmds/mand/1_builtins.sh:241[m  
[1;35m  100:	[m[1;34mSTD_OUT:[m ✅  [1;33mSTD_ERR:[m ❌  [1;36mEXIT_CODE:[m ✅  [0;90m/home/nabil/42_minishell_tester/cmds/mand/1_builtins.sh:243[m  
[1;35m  101:	[m[1;34mSTD_OUT:[m ✅  [1;33mSTD_ERR:[m ✅  [1;36mEXIT_CODE:[m ✅  [0;90m/home/nabil/42_minishell_tester/cmds/mand/1_builtins.sh:245[m  
[1;35m  102:	[m[1;34mSTD_OUT:[m ✅  [1;33mSTD_ERR:[m ✅  [1;36mEXIT_CODE:[m ✅  [0;90m/home/nabil/42_minishell_tester/cmds/mand/1_builtins.sh:247[m  
[1;35m  103:	[m[1;34mSTD_OUT:[m ✅  [1;33mSTD_ERR:[m ✅  [1;36mEXIT_CODE:[m ✅  [0;90m/home/nabil/42_minishell_tester/cmds/mand/1_builtins.sh:249[m  
[1;35m  104:	[m[1;34mSTD_OUT:[m ✅  [1;33mSTD_ERR:[m ✅  [1;36mEXIT_CODE:[m ✅  [0;90m/home/nabil/42_minishell_tester/cmds/mand/1_builtins.sh:251[m  
[1;35m  105:	[m[1;34mSTD_OUT:[m ✅  [1;33mSTD_ERR:[m ✅  [1;36mEXIT_CODE:[m ✅  [0;90m/home/nabil/42_minishell_tester/cmds/mand/1_builtins.sh:253[m  
[1;35m  106:	[m[1;34mSTD_OUT:[m ✅  [1;33mSTD_ERR:[m ✅  [1;36mEXIT_CODE:[m ✅  [0;90m/home/nabil/42_minishell_tester/cmds/mand/1_builtins.sh:255[m  
[1;35m  107:	[m[1;34mSTD_OUT:[m ✅  [1;33mSTD_ERR:[m ✅  [1;36mEXIT_CODE:[m ✅  [0;90m/home/nabil/42_minishell_tester/cmds/mand/1_builtins.sh:257[m  
[1;35m  108:	[m[1;34mSTD_OUT:[m ✅  [1;33mSTD_ERR:[m ✅  [1;36mEXIT_CODE:[m ✅  [0;90m/home/nabil/42_minishell_tester/cmds/mand/1_builtins.sh:261[m  
[1;35m  109:	[m[1;34mSTD_OUT:[m ✅  [1;33mSTD_ERR:[m ✅  [1;36mEXIT_CODE:[m ✅  [0;90m/home/nabil/42_minishell_tester/cmds/mand/1_builtins.sh:265[m  
[1;35m  110:	[m[1;34mSTD_OUT:[m ✅  [1;33mSTD_ERR:[m ✅  [1;36mEXIT_CODE:[m ✅  [0;90m/home/nabil/42_minishell_tester/cmds/mand/1_builtins.sh:269[m  
[1;35m  111:	[m[1;34mSTD_OUT:[m ✅  [1;33mSTD_ERR:[m ✅  [1;36mEXIT_CODE:[m ✅  [0;90m/home/nabil/42_minishell_tester/cmds/mand/1_builtins.sh:273[m  
[1;35m  112:	[m[1;34mSTD_OUT:[m ✅  [1;33mSTD_ERR:[m ✅  [1;36mEXIT_CODE:[m ✅  [0;90m/home/nabil/42_minishell_tester/cmds/mand/1_builtins.sh:278[m  
[1;35m  113:	[m[1;34mSTD_OUT:[m ✅  [1;33mSTD_ERR:[m ✅  [1;36mEXIT_CODE:[m ✅  [0;90m/home/nabil/42_minishell_tester/cmds/mand/1_builtins.sh:282[m  
[1;35m  114:	[m[1;34mSTD_OUT:[m ✅  [1;33mSTD_ERR:[m ✅  [1;36mEXIT_CODE:[m ✅  [0;90m/home/nabil/42_minishell_tester/cmds/mand/1_builtins.sh:286[m  
[1;35m  115:	[m[1;34mSTD_OUT:[m ❌  [1;33mSTD_ERR:[m ❌  [1;36mEXIT_CODE:[m ❌[1;31m [ minishell(1)  bash(0) ][m  [0;90m/home/nabil/42_minishell_tester/cmds/mand/1_builtins.sh:290[m  
[1;35m  116:	[m[1;34mSTD_OUT:[m ✅  [1;33mSTD_ERR:[m ✅  [1;36mEXIT_CODE:[m ✅  [0;90m/home/nabil/42_minishell_tester/cmds/mand/1_builtins.sh:294[m  
[1;35m  117:	[m[1;34mSTD_OUT:[m ✅  [1;33mSTD_ERR:[m ✅  [1;36mEXIT_CODE:[m ✅  [0;90m/home/nabil/42_minishell_tester/cmds/mand/1_builtins.sh:298[m  
[1;35m  118:	[m[1;34mSTD_OUT:[m ✅  [1;33mSTD_ERR:[m ✅  [1;36mEXIT_CODE:[m ✅  [0;90m/home/nabil/42_minishell_tester/cmds/mand/1_builtins.sh:302[m  
[1;35m  119:	[m[1;34mSTD_OUT:[m ✅  [1;33mSTD_ERR:[m ✅  [1;36mEXIT_CODE:[m ✅  [0;90m/home/nabil/42_minishell_tester/cmds/mand/1_builtins.sh:306[m  
[1;35m  120:	[m[1;34mSTD_OUT:[m ✅  [1;33mSTD_ERR:[m ✅  [1;36mEXIT_CODE:[m ✅  [0;90m/home/nabil/42_minishell_tester/cmds/mand/1_builtins.sh:310[m  
[1;35m  121:	[m[1;34mSTD_OUT:[m ❌  [1;33mSTD_ERR:[m ✅  [1;36mEXIT_CODE:[m ✅  [0;90m/home/nabil/42_minishell_tester/cmds/mand/1_builtins.sh:314[m  
[1;35m  122:	[m[1;34mSTD_OUT:[m ✅  [1;33mSTD_ERR:[m ✅  [1;36mEXIT_CODE:[m ✅  [0;90m/home/nabil/42_minishell_tester/cmds/mand/1_builtins.sh:320[m  
[1;35m  123:	[m[1;34mSTD_OUT:[m ✅  [1;33mSTD_ERR:[m ✅  [1;36mEXIT_CODE:[m ✅  [0;90m/home/nabil/42_minishell_tester/cmds/mand/1_builtins.sh:324[m  
[1;35m  124:	[m[1;34mSTD_OUT:[m ❌  [1;33mSTD_ERR:[m ❌  [1;36mEXIT_CODE:[m ✅  [0;90m/home/nabil/42_minishell_tester/cmds/mand/1_builtins.sh:328[m  
[1;35m  125:	[m[1;34mSTD_OUT:[m ❌  [1;33mSTD_ERR:[m ❌  [1;36mEXIT_CODE:[m ✅  [0;90m/home/nabil/42_minishell_tester/cmds/mand/1_builtins.sh:333[m  
[1;35m  126:	[m[1;34mSTD_OUT:[m ❌  [1;33mSTD_ERR:[m ❌  [1;36mEXIT_CODE:[m ✅  [0;90m/home/nabil/42_minishell_tester/cmds/mand/1_builtins.sh:337[m  
[1;35m  127:	[m[1;34mSTD_OUT:[m ✅  [1;33mSTD_ERR:[m ✅  [1;36mEXIT_CODE:[m ✅  [0;90m/home/nabil/42_minishell_tester/cmds/mand/1_builtins.sh:342[m  
[1;35m  128:	[m[1;34mSTD_OUT:[m ✅  [1;33mSTD_ERR:[m ✅  [1;36mEXIT_CODE:[m ✅  [0;90m/home/nabil/42_minishell_tester/cmds/mand/1_builtins.sh:347[m  
[1;35m  129:	[m[1;34mSTD_OUT:[m ✅  [1;33mSTD_ERR:[m ✅  [1;36mEXIT_CODE:[m ✅  [0;90m/home/nabil/42_minishell_tester/cmds/mand/1_builtins.sh:352[m  
[1;35m  130:	[m[1;34mSTD_OUT:[m ✅  [1;33mSTD_ERR:[m ✅  [1;36mEXIT_CODE:[m ✅  [0;90m/home/nabil/42_minishell_tester/cmds/mand/1_builtins.sh:354[m  
[1;35m  131:	[m[1;34mSTD_OUT:[m ✅  [1;33mSTD_ERR:[m ✅  [1;36mEXIT_CODE:[m ✅  [0;90m/home/nabil/42_minishell_tester/cmds/mand/1_builtins.sh:356[m  
[1;35m  132:	[m[1;34mSTD_OUT:[m ✅  [1;33mSTD_ERR:[m ✅  [1;36mEXIT_CODE:[m ✅  [0;90m/home/nabil/42_minishell_tester/cmds/mand/1_builtins.sh:358[m  
[1;35m  133:	[m[1;34mSTD_OUT:[m ✅  [1;33mSTD_ERR:[m ✅  [1;36mEXIT_CODE:[m ❌[1;31m [ minishell(1)  bash(127) ][m  [0;90m/home/nabil/42_minishell_tester/cmds/mand/1_builtins.sh:360[m  
[1;35m  134:	[m[1;34mSTD_OUT:[m ✅  [1;33mSTD_ERR:[m ✅  [1;36mEXIT_CODE:[m ✅  [0;90m/home/nabil/42_minishell_tester/cmds/mand/1_builtins.sh:363[m  
[1;35m  135:	[m[1;34mSTD_OUT:[m ✅  [1;33mSTD_ERR:[m ✅  [1;36mEXIT_CODE:[m ✅  [0;90m/home/nabil/42_minishell_tester/cmds/mand/1_builtins.sh:365[m  
[1;35m  136:	[m[1;34mSTD_OUT:[m ✅  [1;33mSTD_ERR:[m ✅  [1;36mEXIT_CODE:[m ✅  [0;90m/home/nabil/42_minishell_tester/cmds/mand/1_builtins.sh:367[m  
[1;35m  137:	[m[1;34mSTD_OUT:[m ✅  [1;33mSTD_ERR:[m ✅  [1;36mEXIT_CODE:[m ✅  [0;90m/home/nabil/42_minishell_tester/cmds/mand/1_builtins.sh:369[m  
[1;35m  138:	[m[1;34mSTD_OUT:[m ✅  [1;33mSTD_ERR:[m ✅  [1;36mEXIT_CODE:[m ✅  [0;90m/home/nabil/42_minishell_tester/cmds/mand/1_builtins.sh:371[m  
[1;35m  139:	[m[1;34mSTD_OUT:[m ✅  [1;33mSTD_ERR:[m ✅  [1;36mEXIT_CODE:[m ✅  [0;90m/home/nabil/42_minishell_tester/cmds/mand/1_builtins.sh:373[m  
[1;35m  140:	[m[1;34mSTD_OUT:[m ✅  [1;33mSTD_ERR:[m ✅  [1;36mEXIT_CODE:[m ✅  [0;90m/home/nabil/42_minishell_tester/cmds/mand/1_builtins.sh:376[m  
[1;35m  141:	[m[1;34mSTD_OUT:[m ✅  [1;33mSTD_ERR:[m ✅  [1;36mEXIT_CODE:[m ✅  [0;90m/home/nabil/42_minishell_tester/cmds/mand/1_builtins.sh:382[m  
[1;35m  142:	[m[1;34mSTD_OUT:[m ✅  [1;33mSTD_ERR:[m ✅  [1;36mEXIT_CODE:[m ✅  [0;90m/home/nabil/42_minishell_tester/cmds/mand/1_builtins.sh:388[m  
[1;35m  143:	[m[1;34mSTD_OUT:[m ❌  [1;33mSTD_ERR:[m ✅  [1;36mEXIT_CODE:[m ✅  [0;90m/home/nabil/42_minishell_tester/cmds/mand/1_builtins.sh:390[m  
[1;35m  144:	[m[1;34mSTD_OUT:[m ✅  [1;33mSTD_ERR:[m ✅  [1;36mEXIT_CODE:[m ✅  [0;90m/home/nabil/42_minishell_tester/cmds/mand/1_builtins.sh:392[m  
[1;35m  145:	[m[1;34mSTD_OUT:[m ✅  [1;33mSTD_ERR:[m ✅  [1;36mEXIT_CODE:[m ✅  [0;90m/home/nabil/42_minishell_tester/cmds/mand/1_builtins.sh:394[m  
[1;35m  146:	[m[1;34mSTD_OUT:[m ✅  [1;33mSTD_ERR:[m ✅  [1;36mEXIT_CODE:[m ✅  [0;90m/home/nabil/42_minishell_tester/cmds/mand/1_builtins.sh:396[m  
[1;35m  147:	[m[1;34mSTD_OUT:[m ✅  [1;33mSTD_ERR:[m ✅  [1;36mEXIT_CODE:[m ✅  [0;90m/home/nabil/42_minishell_tester/cmds/mand/1_builtins.sh:398[m  
[1;35m  148:	[m[1;34mSTD_OUT:[m ✅  [1;33mSTD_ERR:[m ✅  [1;36mEXIT_CODE:[m ✅  [0;90m/home/nabil/42_minishell_tester/cmds/mand/1_builtins.sh:400[m  
[1;35m  149:	[m[1;34mSTD_OUT:[m ✅  [1;33mSTD_ERR:[m ✅  [1;36mEXIT_CODE:[m ✅  [0;90m/home/nabil/42_minishell_tester/cmds/mand/1_builtins.sh:402[m  
[1;35m  150:	[m[1;34mSTD_OUT:[m ✅  [1;33mSTD_ERR:[m ✅  [1;36mEXIT_CODE:[m ✅  [0;90m/home/nabil/42_minishell_tester/cmds/mand/1_builtins.sh:404[m  
[1;35m  151:	[m[1;34mSTD_OUT:[m ✅  [1;33mSTD_ERR:[m ✅  [1;36mEXIT_CODE:[m ✅  [0;90m/home/nabil/42_minishell_tester/cmds/mand/1_builtins.sh:406[m  
[1;35m  152:	[m[1;34mSTD_OUT:[m ✅  [1;33mSTD_ERR:[m ✅  [1;36mEXIT_CODE:[m ✅  [0;90m/home/nabil/42_minishell_tester/cmds/mand/1_builtins.sh:408[m  
[1;35m  153:	[m[1;34mSTD_OUT:[m ✅  [1;33mSTD_ERR:[m ✅  [1;36mEXIT_CODE:[m ✅  [0;90m/home/nabil/42_minishell_tester/cmds/mand/1_builtins.sh:410[m  
[1;35m  154:	[m[1;34mSTD_OUT:[m ✅  [1;33mSTD_ERR:[m ✅  [1;36mEXIT_CODE:[m ✅  [0;90m/home/nabil/42_minishell_tester/cmds/mand/1_builtins.sh:412[m  
[1;35m  155:	[m[1;34mSTD_OUT:[m ✅  [1;33mSTD_ERR:[m ✅  [1;36mEXIT_CODE:[m ✅  [0;90m/home/nabil/42_minishell_tester/cmds/mand/1_builtins.sh:414[m  
[1;35m  156:	[m[1;34mSTD_OUT:[m ✅  [1;33mSTD_ERR:[m ✅  [1;36mEXIT_CODE:[m ✅  [0;90m/home/nabil/42_minishell_tester/cmds/mand/1_builtins.sh:416[m  
[1;35m  157:	[m[1;34mSTD_OUT:[m ✅  [1;33mSTD_ERR:[m ✅  [1;36mEXIT_CODE:[m ✅  [0;90m/home/nabil/42_minishell_tester/cmds/mand/1_builtins.sh:418[m  
[1;35m  158:	[m[1;34mSTD_OUT:[m ✅  [1;33mSTD_ERR:[m ✅  [1;36mEXIT_CODE:[m ❌[1;31m [ minishell(1)  bash(2) ][m  [0;90m/home/nabil/42_minishell_tester/cmds/mand/1_builtins.sh:420[m  
[1;35m  159:	[m[1;34mSTD_OUT:[m ✅  [1;33mSTD_ERR:[m ✅  [1;36mEXIT_CODE:[m ✅  [0;90m/home/nabil/42_minishell_tester/cmds/mand/1_builtins.sh:422[m  
[1;35m  160:	[m[1;34mSTD_OUT:[m ✅  [1;33mSTD_ERR:[m ✅  [1;36mEXIT_CODE:[m ✅  [0;90m/home/nabil/42_minishell_tester/cmds/mand/1_builtins.sh:424[m  
[1;35m  161:	[m[1;34mSTD_OUT:[m ✅  [1;33mSTD_ERR:[m ✅  [1;36mEXIT_CODE:[m ✅  [0;90m/home/nabil/42_minishell_tester/cmds/mand/1_builtins.sh:426[m  
[1;35m  162:	[m[1;34mSTD_OUT:[m ✅  [1;33mSTD_ERR:[m ✅  [1;36mEXIT_CODE:[m ✅  [0;90m/home/nabil/42_minishell_tester/cmds/mand/1_builtins.sh:428[m  
[1;35m  163:	[m[1;34mSTD_OUT:[m ✅  [1;33mSTD_ERR:[m ✅  [1;36mEXIT_CODE:[m ❌[1;31m [ minishell(1)  bash(2) ][m  [0;90m/home/nabil/42_minishell_tester/cmds/mand/1_builtins.sh:430[m  
[1;35m  164:	[m[1;34mSTD_OUT:[m ✅  [1;33mSTD_ERR:[m ✅  [1;36mEXIT_CODE:[m ✅  [0;90m/home/nabil/42_minishell_tester/cmds/mand/1_builtins.sh:432[m  
[1;35m  165:	[m[1;34mSTD_OUT:[m ✅  [1;33mSTD_ERR:[m ✅  [1;36mEXIT_CODE:[m ✅  [0;90m/home/nabil/42_minishell_tester/cmds/mand/1_builtins.sh:434[m  
[1;35m  166:	[m[1;34mSTD_OUT:[m ✅  [1;33mSTD_ERR:[m ✅  [1;36mEXIT_CODE:[m ✅  [0;90m/home/nabil/42_minishell_tester/cmds/mand/1_builtins.sh:436[m  
[1;35m  167:	[m[1;34mSTD_OUT:[m ✅  [1;33mSTD_ERR:[m ✅  [1;36mEXIT_CODE:[m ✅  [0;90m/home/nabil/42_minishell_tester/cmds/mand/1_builtins.sh:438[m  
[1;35m  168:	[m[1;34mSTD_OUT:[m ✅  [1;33mSTD_ERR:[m ✅  [1;36mEXIT_CODE:[m ✅  [0;90m/home/nabil/42_minishell_tester/cmds/mand/1_builtins.sh:440[m  
[1;35m  169:	[m[1;34mSTD_OUT:[m ✅  [1;33mSTD_ERR:[m ✅  [1;36mEXIT_CODE:[m ✅  [0;90m/home/nabil/42_minishell_tester/cmds/mand/1_builtins.sh:442[m  
[1;35m  170:	[m[1;34mSTD_OUT:[m ✅  [1;33mSTD_ERR:[m ✅  [1;36mEXIT_CODE:[m ✅  [0;90m/home/nabil/42_minishell_tester/cmds/mand/1_builtins.sh:444[m  
[1;35m  171:	[m[1;34mSTD_OUT:[m ✅  [1;33mSTD_ERR:[m ✅  [1;36mEXIT_CODE:[m ✅  [0;90m/home/nabil/42_minishell_tester/cmds/mand/1_builtins.sh:446[m  
[1;35m  172:	[m[1;34mSTD_OUT:[m ✅  [1;33mSTD_ERR:[m ✅  [1;36mEXIT_CODE:[m ✅  [0;90m/home/nabil/42_minishell_tester/cmds/mand/1_builtins.sh:448[m  
[1;35m  173:	[m[1;34mSTD_OUT:[m ✅  [1;33mSTD_ERR:[m ✅  [1;36mEXIT_CODE:[m ✅  [0;90m/home/nabil/42_minishell_tester/cmds/mand/1_builtins.sh:450[m  
[1;35m  174:	[m[1;34mSTD_OUT:[m ✅  [1;33mSTD_ERR:[m ✅  [1;36mEXIT_CODE:[m ✅  [0;90m/home/nabil/42_minishell_tester/cmds/mand/1_builtins.sh:452[m  
[1;35m  175:	[m[1;34mSTD_OUT:[m ✅  [1;33mSTD_ERR:[m ✅  [1;36mEXIT_CODE:[m ✅  [0;90m/home/nabil/42_minishell_tester/cmds/mand/1_builtins.sh:454[m  
[1;35m  176:	[m[1;34mSTD_OUT:[m ✅  [1;33mSTD_ERR:[m ✅  [1;36mEXIT_CODE:[m ✅  [0;90m/home/nabil/42_minishell_tester/cmds/mand/1_builtins.sh:456[m  
[1;35m  177:	[m[1;34mSTD_OUT:[m ✅  [1;33mSTD_ERR:[m ✅  [1;36mEXIT_CODE:[m ✅  [0;90m/home/nabil/42_minishell_tester/cmds/mand/1_builtins.sh:458[m  
[1;35m  178:	[m[1;34mSTD_OUT:[m ✅  [1;33mSTD_ERR:[m ✅  [1;36mEXIT_CODE:[m ❌[1;31m [ minishell(1)  bash(2) ][m  [0;90m/home/nabil/42_minishell_tester/cmds/mand/1_builtins.sh:460[m  
[1;35m  179:	[m[1;34mSTD_OUT:[m ✅  [1;33mSTD_ERR:[m ✅  [1;36mEXIT_CODE:[m ✅  [0;90m/home/nabil/42_minishell_tester/cmds/mand/1_builtins.sh:462[m  
[1;35m  180:	[m[1;34mSTD_OUT:[m ✅  [1;33mSTD_ERR:[m ✅  [1;36mEXIT_CODE:[m ✅  [0;90m/home/nabil/42_minishell_tester/cmds/mand/1_builtins.sh:464[m  
[1;35m  181:	[m[1;34mSTD_OUT:[m ✅  [1;33mSTD_ERR:[m ✅  [1;36mEXIT_CODE:[m ✅  [0;90m/home/nabil/42_minishell_tester/cmds/mand/1_builtins.sh:466[m  
[1;35m  182:	[m[1;34mSTD_OUT:[m ✅  [1;33mSTD_ERR:[m ✅  [1;36mEXIT_CODE:[m ✅  [0;90m/home/nabil/42_minishell_tester/cmds/mand/1_builtins.sh:468[m  
[1;35m  183:	[m[1;34mSTD_OUT:[m ✅  [1;33mSTD_ERR:[m ✅  [1;36mEXIT_CODE:[m ✅  [0;90m/home/nabil/42_minishell_tester/cmds/mand/1_builtins.sh:470[m  
[1;35m  184:	[m[1;34mSTD_OUT:[m ✅  [1;33mSTD_ERR:[m ✅  [1;36mEXIT_CODE:[m ✅  [0;90m/home/nabil/42_minishell_tester/cmds/mand/1_builtins.sh:472[m  
[1;35m  185:	[m[1;34mSTD_OUT:[m ✅  [1;33mSTD_ERR:[m ✅  [1;36mEXIT_CODE:[m ✅  [0;90m/home/nabil/42_minishell_tester/cmds/mand/1_builtins.sh:474[m  
[1;35m  186:	[m[1;34mSTD_OUT:[m ✅  [1;33mSTD_ERR:[m ✅  [1;36mEXIT_CODE:[m ✅  [0;90m/home/nabil/42_minishell_tester/cmds/mand/1_builtins.sh:476[m  
[1;35m  187:	[m[1;34mSTD_OUT:[m ✅  [1;33mSTD_ERR:[m ✅  [1;36mEXIT_CODE:[m ✅  [0;90m/home/nabil/42_minishell_tester/cmds/mand/1_builtins.sh:478[m  
[1;35m  188:	[m[1;34mSTD_OUT:[m ✅  [1;33mSTD_ERR:[m ✅  [1;36mEXIT_CODE:[m ✅  [0;90m/home/nabil/42_minishell_tester/cmds/mand/1_builtins.sh:480[m  
[1;35m  189:	[m[1;34mSTD_OUT:[m ✅  [1;33mSTD_ERR:[m ✅  [1;36mEXIT_CODE:[m ✅  [0;90m/home/nabil/42_minishell_tester/cmds/mand/1_builtins.sh:482[m  
[1;35m  190:	[m[1;34mSTD_OUT:[m ✅  [1;33mSTD_ERR:[m ✅  [1;36mEXIT_CODE:[m ✅  [0;90m/home/nabil/42_minishell_tester/cmds/mand/1_builtins.sh:484[m  
[1;35m  191:	[m[1;34mSTD_OUT:[m ✅  [1;33mSTD_ERR:[m ✅  [1;36mEXIT_CODE:[m ✅  [0;90m/home/nabil/42_minishell_tester/cmds/mand/1_builtins.sh:486[m  
[1;35m  192:	[m[1;34mSTD_OUT:[m ✅  [1;33mSTD_ERR:[m ✅  [1;36mEXIT_CODE:[m ✅  [0;90m/home/nabil/42_minishell_tester/cmds/mand/1_builtins.sh:488[m  
[1;35m  193:	[m[1;34mSTD_OUT:[m ✅  [1;33mSTD_ERR:[m ❌  [1;36mEXIT_CODE:[m ❌[1;31m [ minishell(1)  bash(0) ][m  [0;90m/home/nabil/42_minishell_tester/cmds/mand/1_builtins.sh:490[m  
[1;35m  194:	[m[1;34mSTD_OUT:[m ✅  [1;33mSTD_ERR:[m ✅  [1;36mEXIT_CODE:[m ✅  [0;90m/home/nabil/42_minishell_tester/cmds/mand/1_builtins.sh:492[m  
[1;35m  195:	[m[1;34mSTD_OUT:[m ✅  [1;33mSTD_ERR:[m ✅  [1;36mEXIT_CODE:[m ✅  [0;90m/home/nabil/42_minishell_tester/cmds/mand/1_builtins.sh:496[m  
[1;35m  196:	[m[1;34mSTD_OUT:[m ✅  [1;33mSTD_ERR:[m ✅  [1;36mEXIT_CODE:[m ✅  [0;90m/home/nabil/42_minishell_tester/cmds/mand/1_builtins.sh:501[m  
[1;35m  197:	[m[1;34mSTD_OUT:[m ✅  [1;33mSTD_ERR:[m ✅  [1;36mEXIT_CODE:[m ✅  [0;90m/home/nabil/42_minishell_tester/cmds/mand/1_builtins.sh:505[m  
[1;35m  198:	[m[1;34mSTD_OUT:[m ✅  [1;33mSTD_ERR:[m ✅  [1;36mEXIT_CODE:[m ✅  [0;90m/home/nabil/42_minishell_tester/cmds/mand/1_builtins.sh:509[m  
[1;35m  199:	[m[1;34mSTD_OUT:[m ✅  [1;33mSTD_ERR:[m ✅  [1;36mEXIT_CODE:[m ✅  [0;90m/home/nabil/42_minishell_tester/cmds/mand/1_builtins.sh:516[m  
[1;35m  200:	[m[1;34mSTD_OUT:[m ✅  [1;33mSTD_ERR:[m ✅  [1;36mEXIT_CODE:[m ✅  [0;90m/home/nabil/42_minishell_tester/cmds/mand/1_builtins.sh:518[m  
[1;35m  201:	[m[1;34mSTD_OUT:[m ✅  [1;33mSTD_ERR:[m ✅  [1;36mEXIT_CODE:[m ✅  [0;90m/home/nabil/42_minishell_tester/cmds/mand/1_builtins.sh:520[m  
[1;35m  202:	[m[1;34mSTD_OUT:[m ✅  [1;33mSTD_ERR:[m ✅  [1;36mEXIT_CODE:[m ✅  [0;90m/home/nabil/42_minishell_tester/cmds/mand/1_builtins.sh:522[m  
[1;35m  203:	[m[1;34mSTD_OUT:[m ✅  [1;33mSTD_ERR:[m ✅  [1;36mEXIT_CODE:[m ✅  [0;90m/home/nabil/42_minishell_tester/cmds/mand/1_builtins.sh:524[m  
[1;35m  204:	[m[1;34mSTD_OUT:[m ✅  [1;33mSTD_ERR:[m ✅  [1;36mEXIT_CODE:[m ✅  [0;90m/home/nabil/42_minishell_tester/cmds/mand/1_builtins.sh:526[m  
[1;35m  205:	[m[1;34mSTD_OUT:[m ✅  [1;33mSTD_ERR:[m ✅  [1;36mEXIT_CODE:[m ✅  [0;90m/home/nabil/42_minishell_tester/cmds/mand/1_builtins.sh:528[m  
[1;35m  206:	[m[1;34mSTD_OUT:[m ✅  [1;33mSTD_ERR:[m ✅  [1;36mEXIT_CODE:[m ✅  [0;90m/home/nabil/42_minishell_tester/cmds/mand/1_builtins.sh:530[m  
[1;35m  207:	[m[1;34mSTD_OUT:[m ✅  [1;33mSTD_ERR:[m ✅  [1;36mEXIT_CODE:[m ✅  [0;90m/home/nabil/42_minishell_tester/cmds/mand/1_builtins.sh:532[m  
[1;35m  208:	[m[1;34mSTD_OUT:[m ✅  [1;33mSTD_ERR:[m ✅  [1;36mEXIT_CODE:[m ✅  [0;90m/home/nabil/42_minishell_tester/cmds/mand/1_builtins.sh:534[m  
[1;35m  209:	[m[1;34mSTD_OUT:[m ✅  [1;33mSTD_ERR:[m ✅  [1;36mEXIT_CODE:[m ✅  [0;90m/home/nabil/42_minishell_tester/cmds/mand/1_builtins.sh:536[m  
[1;35m  210:	[m[1;34mSTD_OUT:[m ✅  [1;33mSTD_ERR:[m ✅  [1;36mEXIT_CODE:[m ✅  [0;90m/home/nabil/42_minishell_tester/cmds/mand/1_builtins.sh:538[m  
[1;35m  211:	[m[1;34mSTD_OUT:[m ✅  [1;33mSTD_ERR:[m ✅  [1;36mEXIT_CODE:[m ✅  [0;90m/home/nabil/42_minishell_tester/cmds/mand/1_builtins.sh:540[m  
[1;35m  212:	[m[1;34mSTD_OUT:[m ✅  [1;33mSTD_ERR:[m ✅  [1;36mEXIT_CODE:[m ✅  [0;90m/home/nabil/42_minishell_tester/cmds/mand/1_builtins.sh:542[m  
[1;35m  213:	[m[1;34mSTD_OUT:[m ✅  [1;33mSTD_ERR:[m ✅  [1;36mEXIT_CODE:[m ✅  [0;90m/home/nabil/42_minishell_tester/cmds/mand/1_builtins.sh:544[m  
[1;35m  214:	[m[1;34mSTD_OUT:[m ✅  [1;33mSTD_ERR:[m ✅  [1;36mEXIT_CODE:[m ✅  [0;90m/home/nabil/42_minishell_tester/cmds/mand/1_builtins.sh:546[m  
[1;35m  215:	[m[1;34mSTD_OUT:[m ✅  [1;33mSTD_ERR:[m ✅  [1;36mEXIT_CODE:[m ✅  [0;90m/home/nabil/42_minishell_tester/cmds/mand/1_builtins.sh:548[m  
[1;35m  216:	[m[1;34mSTD_OUT:[m ✅  [1;33mSTD_ERR:[m ✅  [1;36mEXIT_CODE:[m ✅  [0;90m/home/nabil/42_minishell_tester/cmds/mand/1_builtins.sh:550[m  
[1;35m  217:	[m[1;34mSTD_OUT:[m ✅  [1;33mSTD_ERR:[m ❌  [1;36mEXIT_CODE:[m ❌[1;31m [ minishell(0)  bash(127) ][m  [0;90m/home/nabil/42_minishell_tester/cmds/mand/1_builtins.sh:552[m  
[1;35m  218:	[m[1;34mSTD_OUT:[m ✅  [1;33mSTD_ERR:[m ✅  [1;36mEXIT_CODE:[m ✅  [0;90m/home/nabil/42_minishell_tester/cmds/mand/1_builtins.sh:554[m  
[1;35m  219:	[m[1;34mSTD_OUT:[m ✅  [1;33mSTD_ERR:[m ✅  [1;36mEXIT_CODE:[m ✅  [0;90m/home/nabil/42_minishell_tester/cmds/mand/1_builtins.sh:556[m  
[1;35m  220:	[m[1;34mSTD_OUT:[m ✅  [1;33mSTD_ERR:[m ✅  [1;36mEXIT_CODE:[m ✅  [0;90m/home/nabil/42_minishell_tester/cmds/mand/1_builtins.sh:558[m  
[1;35m  221:	[m[1;34mSTD_OUT:[m ✅  [1;33mSTD_ERR:[m ✅  [1;36mEXIT_CODE:[m ✅  [0;90m/home/nabil/42_minishell_tester/cmds/mand/1_builtins.sh:560[m  
[1;35m  222:	[m[1;34mSTD_OUT:[m ✅  [1;33mSTD_ERR:[m ✅  [1;36mEXIT_CODE:[m ✅  [0;90m/home/nabil/42_minishell_tester/cmds/mand/1_builtins.sh:562[m  
[1;35m  223:	[m[1;34mSTD_OUT:[m ✅  [1;33mSTD_ERR:[m ✅  [1;36mEXIT_CODE:[m ✅  [0;90m/home/nabil/42_minishell_tester/cmds/mand/1_builtins.sh:564[m  
[1;35m  224:	[m[1;34mSTD_OUT:[m ✅  [1;33mSTD_ERR:[m ❌  [1;36mEXIT_CODE:[m ❌[1;31m [ minishell(0)  bash(2) ][m  [0;90m/home/nabil/42_minishell_tester/cmds/mand/1_builtins.sh:566[m  
[1;35m  225:	[m[1;34mSTD_OUT:[m ✅  [1;33mSTD_ERR:[m ✅  [1;36mEXIT_CODE:[m ✅  [0;90m/home/nabil/42_minishell_tester/cmds/mand/1_builtins.sh:568[m  
[1;35m  226:	[m[1;34mSTD_OUT:[m ✅  [1;33mSTD_ERR:[m ✅  [1;36mEXIT_CODE:[m ✅  [0;90m/home/nabil/42_minishell_tester/cmds/mand/1_builtins.sh:570[m  
[1;35m  227:	[m[1;34mSTD_OUT:[m ✅  [1;33mSTD_ERR:[m ✅  [1;36mEXIT_CODE:[m ✅  [0;90m/home/nabil/42_minishell_tester/cmds/mand/1_builtins.sh:572[m  
[1;35m  228:	[m[1;34mSTD_OUT:[m ✅  [1;33mSTD_ERR:[m ✅  [1;36mEXIT_CODE:[m ✅  [0;90m/home/nabil/42_minishell_tester/cmds/mand/1_builtins.sh:574[m  
[1;35m  229:	[m[1;34mSTD_OUT:[m ✅  [1;33mSTD_ERR:[m ✅  [1;36mEXIT_CODE:[m ✅  [0;90m/home/nabil/42_minishell_tester/cmds/mand/1_builtins.sh:576[m  
[1;35m  230:	[m[1;34mSTD_OUT:[m ✅  [1;33mSTD_ERR:[m ✅  [1;36mEXIT_CODE:[m ✅  [0;90m/home/nabil/42_minishell_tester/cmds/mand/1_builtins.sh:578[m  
[1;35m  231:	[m[1;34mSTD_OUT:[m ✅  [1;33mSTD_ERR:[m ✅  [1;36mEXIT_CODE:[m ✅  [0;90m/home/nabil/42_minishell_tester/cmds/mand/1_builtins.sh:580[m  
[1;35m  232:	[m[1;34mSTD_OUT:[m ✅  [1;33mSTD_ERR:[m ✅  [1;36mEXIT_CODE:[m ✅  [0;90m/home/nabil/42_minishell_tester/cmds/mand/1_builtins.sh:582[m  
[1;35m  233:	[m[1;34mSTD_OUT:[m ✅  [1;33mSTD_ERR:[m ✅  [1;36mEXIT_CODE:[m ✅  [0;90m/home/nabil/42_minishell_tester/cmds/mand/1_builtins.sh:584[m  
[1;35m  234:	[m[1;34mSTD_OUT:[m ✅  [1;33mSTD_ERR:[m ✅  [1;36mEXIT_CODE:[m ✅  [0;90m/home/nabil/42_minishell_tester/cmds/mand/1_builtins.sh:586[m  
[1;35m  235:	[m[1;34mSTD_OUT:[m ✅  [1;33mSTD_ERR:[m ✅  [1;36mEXIT_CODE:[m ✅  [0;90m/home/nabil/42_minishell_tester/cmds/mand/1_builtins.sh:588[m  
[1;35m  236:	[m[1;34mSTD_OUT:[m ✅  [1;33mSTD_ERR:[m ✅  [1;36mEXIT_CODE:[m ✅  [0;90m/home/nabil/42_minishell_tester/cmds/mand/1_builtins.sh:590[m  
[1;35m  237:	[m[1;34mSTD_OUT:[m ✅  [1;33mSTD_ERR:[m ✅  [1;36mEXIT_CODE:[m ✅  [0;90m/home/nabil/42_minishell_tester/cmds/mand/1_builtins.sh:592[m  
[1;35m  238:	[m[1;34mSTD_OUT:[m ✅  [1;33mSTD_ERR:[m ✅  [1;36mEXIT_CODE:[m ✅  [0;90m/home/nabil/42_minishell_tester/cmds/mand/1_builtins.sh:594[m  
[1;35m  239:	[m[1;34mSTD_OUT:[m ✅  [1;33mSTD_ERR:[m ✅  [1;36mEXIT_CODE:[m ✅  [0;90m/home/nabil/42_minishell_tester/cmds/mand/1_builtins.sh:596[m  
[1;35m  240:	[m[1;34mSTD_OUT:[m ✅  [1;33mSTD_ERR:[m ✅  [1;36mEXIT_CODE:[m ✅  [0;90m/home/nabil/42_minishell_tester/cmds/mand/1_builtins.sh:598[m  
[1;35m  241:	[m[1;34mSTD_OUT:[m ✅  [1;33mSTD_ERR:[m ✅  [1;36mEXIT_CODE:[m ✅  [0;90m/home/nabil/42_minishell_tester/cmds/mand/1_builtins.sh:600[m  
[1;35m  242:	[m[1;34mSTD_OUT:[m ✅  [1;33mSTD_ERR:[m ✅  [1;36mEXIT_CODE:[m ✅  [0;90m/home/nabil/42_minishell_tester/cmds/mand/1_builtins.sh:602[m  
[1;35m  243:	[m[1;34mSTD_OUT:[m ✅  [1;33mSTD_ERR:[m ✅  [1;36mEXIT_CODE:[m ✅  [0;90m/home/nabil/42_minishell_tester/cmds/mand/1_builtins.sh:604[m  
[1;35m  244:	[m[1;34mSTD_OUT:[m ✅  [1;33mSTD_ERR:[m ✅  [1;36mEXIT_CODE:[m ✅  [0;90m/home/nabil/42_minishell_tester/cmds/mand/1_builtins.sh:606[m  
[1;35m  245:	[m[1;34mSTD_OUT:[m ✅  [1;33mSTD_ERR:[m ✅  [1;36mEXIT_CODE:[m ✅  [0;90m/home/nabil/42_minishell_tester/cmds/mand/1_builtins.sh:608[m  
[1;35m  246:	[m[1;34mSTD_OUT:[m ✅  [1;33mSTD_ERR:[m ✅  [1;36mEXIT_CODE:[m ✅  [0;90m/home/nabil/42_minishell_tester/cmds/mand/1_builtins.sh:612[m  
[1;35m  247:	[m[1;34mSTD_OUT:[m ✅  [1;33mSTD_ERR:[m ✅  [1;36mEXIT_CODE:[m ✅  [0;90m/home/nabil/42_minishell_tester/cmds/mand/1_builtins.sh:616[m  
[1;35m  248:	[m[1;34mSTD_OUT:[m ✅  [1;33mSTD_ERR:[m ✅  [1;36mEXIT_CODE:[m ✅  [0;90m/home/nabil/42_minishell_tester/cmds/mand/1_builtins.sh:622[m  
[1;35m  249:	[m[1;34mSTD_OUT:[m ✅  [1;33mSTD_ERR:[m ✅  [1;36mEXIT_CODE:[m ✅  [0;90m/home/nabil/42_minishell_tester/cmds/mand/1_builtins.sh:631[m  
[1;35m  250:	[m[1;34mSTD_OUT:[m ✅  [1;33mSTD_ERR:[m ✅  [1;36mEXIT_CODE:[m ✅  [0;90m/home/nabil/42_minishell_tester/cmds/mand/1_builtins.sh:633[m  
[1;35m  251:	[m[1;34mSTD_OUT:[m ✅  [1;33mSTD_ERR:[m ✅  [1;36mEXIT_CODE:[m ✅  [0;90m/home/nabil/42_minishell_tester/cmds/mand/1_builtins.sh:635[m  
[1;35m  252:	[m[1;34mSTD_OUT:[m ✅  [1;33mSTD_ERR:[m ✅  [1;36mEXIT_CODE:[m ✅  [0;90m/home/nabil/42_minishell_tester/cmds/mand/1_builtins.sh:637[m  
[1;35m  253:	[m[1;34mSTD_OUT:[m ✅  [1;33mSTD_ERR:[m ✅  [1;36mEXIT_CODE:[m ✅  [0;90m/home/nabil/42_minishell_tester/cmds/mand/1_builtins.sh:639[m  
[1;35m  254:	[m[1;34mSTD_OUT:[m ✅  [1;33mSTD_ERR:[m ✅  [1;36mEXIT_CODE:[m ✅  [0;90m/home/nabil/42_minishell_tester/cmds/mand/1_builtins.sh:641[m  
[1;35m  255:	[m[1;34mSTD_OUT:[m ✅  [1;33mSTD_ERR:[m ✅  [1;36mEXIT_CODE:[m ✅  [0;90m/home/nabil/42_minishell_tester/cmds/mand/1_builtins.sh:643[m  
[1;35m  256:	[m[1;34mSTD_OUT:[m ✅  [1;33mSTD_ERR:[m ✅  [1;36mEXIT_CODE:[m ✅  [0;90m/home/nabil/42_minishell_tester/cmds/mand/1_builtins.sh:645[m  
[1;35m  257:	[m[1;34mSTD_OUT:[m ✅  [1;33mSTD_ERR:[m ✅  [1;36mEXIT_CODE:[m ✅  [0;90m/home/nabil/42_minishell_tester/cmds/mand/1_builtins.sh:647[m  
[1;35m  258:	[m[1;34mSTD_OUT:[m ✅  [1;33mSTD_ERR:[m ✅  [1;36mEXIT_CODE:[m ✅  [0;90m/home/nabil/42_minishell_tester/cmds/mand/1_builtins.sh:649[m  
[1;35m  259:	[m[1;34mSTD_OUT:[m ✅  [1;33mSTD_ERR:[m ✅  [1;36mEXIT_CODE:[m ✅  [0;90m/home/nabil/42_minishell_tester/cmds/mand/1_builtins.sh:651[m  
[1;35m  260:	[m[1;34mSTD_OUT:[m ✅  [1;33mSTD_ERR:[m ✅  [1;36mEXIT_CODE:[m ✅  [0;90m/home/nabil/42_minishell_tester/cmds/mand/1_builtins.sh:653[m  
[1;35m  261:	[m[1;34mSTD_OUT:[m ✅  [1;33mSTD_ERR:[m ✅  [1;36mEXIT_CODE:[m ✅  [0;90m/home/nabil/42_minishell_tester/cmds/mand/1_builtins.sh:655[m  
[1;35m  262:	[m[1;34mSTD_OUT:[m ✅  [1;33mSTD_ERR:[m ✅  [1;36mEXIT_CODE:[m ✅  [0;90m/home/nabil/42_minishell_tester/cmds/mand/1_builtins.sh:657[m  
[1;35m  263:	[m[1;34mSTD_OUT:[m ✅  [1;33mSTD_ERR:[m ✅  [1;36mEXIT_CODE:[m ✅  [0;90m/home/nabil/42_minishell_tester/cmds/mand/1_builtins.sh:659[m  
[1;35m  264:	[m[1;34mSTD_OUT:[m ✅  [1;33mSTD_ERR:[m ✅  [1;36mEXIT_CODE:[m ✅  [0;90m/home/nabil/42_minishell_tester/cmds/mand/1_builtins.sh:661[m  
[1;35m  265:	[m[1;34mSTD_OUT:[m ✅  [1;33mSTD_ERR:[m ✅  [1;36mEXIT_CODE:[m ✅  [0;90m/home/nabil/42_minishell_tester/cmds/mand/1_builtins.sh:663[m  
[1;35m  266:	[m[1;34mSTD_OUT:[m ✅  [1;33mSTD_ERR:[m ✅  [1;36mEXIT_CODE:[m ✅  [0;90m/home/nabil/42_minishell_tester/cmds/mand/1_builtins.sh:665[m  
[1;35m  267:	[m[1;34mSTD_OUT:[m ✅  [1;33mSTD_ERR:[m ✅  [1;36mEXIT_CODE:[m ✅  [0;90m/home/nabil/42_minishell_tester/cmds/mand/1_builtins.sh:667[m  
[1;35m  268:	[m[1;34mSTD_OUT:[m ✅  [1;33mSTD_ERR:[m ✅  [1;36mEXIT_CODE:[m ✅  [0;90m/home/nabil/42_minishell_tester/cmds/mand/1_builtins.sh:669[m  
[1;35m  269:	[m[1;34mSTD_OUT:[m ✅  [1;33mSTD_ERR:[m ✅  [1;36mEXIT_CODE:[m ✅  [0;90m/home/nabil/42_minishell_tester/cmds/mand/1_builtins.sh:671[m  
[1;35m  270:	[m[1;34mSTD_OUT:[m ✅  [1;33mSTD_ERR:[m ✅  [1;36mEXIT_CODE:[m ✅  [0;90m/home/nabil/42_minishell_tester/cmds/mand/1_builtins.sh:673[m  
[1;35m  271:	[m[1;34mSTD_OUT:[m ✅  [1;33mSTD_ERR:[m ✅  [1;36mEXIT_CODE:[m ✅  [0;90m/home/nabil/42_minishell_tester/cmds/mand/1_builtins.sh:675[m  
[1;35m  272:	[m[1;34mSTD_OUT:[m ✅  [1;33mSTD_ERR:[m ✅  [1;36mEXIT_CODE:[m ✅  [0;90m/home/nabil/42_minishell_tester/cmds/mand/1_builtins.sh:677[m  
[1;35m  273:	[m[1;34mSTD_OUT:[m ✅  [1;33mSTD_ERR:[m ✅  [1;36mEXIT_CODE:[m ✅  [0;90m/home/nabil/42_minishell_tester/cmds/mand/1_builtins.sh:679[m  
[1;35m  274:	[m[1;34mSTD_OUT:[m ✅  [1;33mSTD_ERR:[m ✅  [1;36mEXIT_CODE:[m ✅  [0;90m/home/nabil/42_minishell_tester/cmds/mand/1_builtins.sh:681[m  
[1;35m  275:	[m[1;34mSTD_OUT:[m ✅  [1;33mSTD_ERR:[m ✅  [1;36mEXIT_CODE:[m ✅  [0;90m/home/nabil/42_minishell_tester/cmds/mand/1_builtins.sh:683[m  
[1;35m  276:	[m[1;34mSTD_OUT:[m ✅  [1;33mSTD_ERR:[m ✅  [1;36mEXIT_CODE:[m ✅  [0;90m/home/nabil/42_minishell_tester/cmds/mand/1_builtins.sh:685[m  
[1;35m  277:	[m[1;34mSTD_OUT:[m ✅  [1;33mSTD_ERR:[m ✅  [1;36mEXIT_CODE:[m ✅  [0;90m/home/nabil/42_minishell_tester/cmds/mand/1_builtins.sh:687[m  
[1;35m  278:	[m[1;34mSTD_OUT:[m ✅  [1;33mSTD_ERR:[m ✅  [1;36mEXIT_CODE:[m ✅  [0;90m/home/nabil/42_minishell_tester/cmds/mand/1_builtins.sh:689[m  
[1;35m  279:	[m[1;34mSTD_OUT:[m ✅  [1;33mSTD_ERR:[m ✅  [1;36mEXIT_CODE:[m ✅  [0;90m/home/nabil/42_minishell_tester/cmds/mand/1_builtins.sh:691[m  
[1;35m  280:	[m[1;34mSTD_OUT:[m ✅  [1;33mSTD_ERR:[m ✅  [1;36mEXIT_CODE:[m ✅  [0;90m/home/nabil/42_minishell_tester/cmds/mand/1_builtins.sh:693[m  
[1;35m  281:	[m[1;34mSTD_OUT:[m ✅  [1;33mSTD_ERR:[m ✅  [1;36mEXIT_CODE:[m ✅  [0;90m/home/nabil/42_minishell_tester/cmds/mand/1_builtins.sh:695[m  
[1;35m  282:	[m[1;34mSTD_OUT:[m ✅  [1;33mSTD_ERR:[m ✅  [1;36mEXIT_CODE:[m ✅  [0;90m/home/nabil/42_minishell_tester/cmds/mand/1_builtins.sh:697[m  
[1;35m  283:	[m[1;34mSTD_OUT:[m ✅  [1;33mSTD_ERR:[m ✅  [1;36mEXIT_CODE:[m ✅  [0;90m/home/nabil/42_minishell_tester/cmds/mand/1_builtins.sh:699[m  
[1;35m  284:	[m[1;34mSTD_OUT:[m ✅  [1;33mSTD_ERR:[m ✅  [1;36mEXIT_CODE:[m ✅  [0;90m/home/nabil/42_minishell_tester/cmds/mand/1_builtins.sh:701[m  
[1;35m  285:	[m[1;34mSTD_OUT:[m ✅  [1;33mSTD_ERR:[m ✅  [1;36mEXIT_CODE:[m ✅  [0;90m/home/nabil/42_minishell_tester/cmds/mand/1_builtins.sh:703[m  
[1;35m  286:	[m[1;34mSTD_OUT:[m ✅  [1;33mSTD_ERR:[m ✅  [1;36mEXIT_CODE:[m ✅  [0;90m/home/nabil/42_minishell_tester/cmds/mand/1_builtins.sh:705[m  
[1;35m  287:	[m[1;34mSTD_OUT:[m ✅  [1;33mSTD_ERR:[m ✅  [1;36mEXIT_CODE:[m ✅  [0;90m/home/nabil/42_minishell_tester/cmds/mand/1_builtins.sh:707[m  
[1;35m  288:	[m[1;34mSTD_OUT:[m ✅  [1;33mSTD_ERR:[m ✅  [1;36mEXIT_CODE:[m ✅  [0;90m/home/nabil/42_minishell_tester/cmds/mand/1_builtins.sh:709[m  
[1;35m  289:	[m[1;34mSTD_OUT:[m ✅  [1;33mSTD_ERR:[m ✅  [1;36mEXIT_CODE:[m ✅  [0;90m/home/nabil/42_minishell_tester/cmds/mand/1_builtins.sh:711[m  
[1;35m  290:	[m[1;34mSTD_OUT:[m ✅  [1;33mSTD_ERR:[m ✅  [1;36mEXIT_CODE:[m ✅  [0;90m/home/nabil/42_minishell_tester/cmds/mand/1_builtins.sh:713[m  
[1;35m  291:	[m[1;34mSTD_OUT:[m ✅  [1;33mSTD_ERR:[m ✅  [1;36mEXIT_CODE:[m ✅  [0;90m/home/nabil/42_minishell_tester/cmds/mand/1_builtins.sh:715[m  
[1;35m  292:	[m[1;34mSTD_OUT:[m ✅  [1;33mSTD_ERR:[m ✅  [1;36mEXIT_CODE:[m ✅  [0;90m/home/nabil/42_minishell_tester/cmds/mand/1_builtins.sh:717[m  
🏁🏁🏁🏁🏁🏁🏁🏁🏁🏁🏁🏁🏁🏁🏁🏁🏁🏁🏁🏁🏁🏁🏁🏁🏁🏁🏁🏁🏁🏁🏁🏁🏁🏁🏁🏁🏁🏁🏁🏁🏁
🏁                                    [1;31mRESULT[m                                    🏁
🏁🏁🏁🏁🏁🏁🏁🏁🏁🏁🏁🏁🏁🏁🏁🏁🏁🏁🏁🏁🏁🏁🏁🏁🏁🏁🏁🏁🏁🏁🏁🏁🏁🏁🏁🏁🏁🏁🏁🏁🏁
[1;35m             TOTAL TEST COUNT: 292 [m[1;32m TESTS PASSED: 271[m [1;32m LEAKING: 0[m 
[1;34m                     STD_OUT:[m [1;31m11[m  [1;36mSTD_ERR:[m [1;31m10[m  [1;36mEXIT_CODE:[m [1;31m9[m  
[1;33m                         TOTAL FAILED AND PASSED CASES:
[1;31m                                     ❌ 30 [m  
[1;32m                                     ✅ 846 [m  
